# Managed by dev/std_ratchet.py; regenerated whenever the counts shrink.
# Never edit upward: new code uses the libstd idiom (see CLAUDE.md).
3	make_shared	bin/rustc/ast_ast.cpp
1	new	bin/rustc/ast_ast.cpp
2	shared_ptr	bin/rustc/ast_ast.cpp
5	std::string	bin/rustc/ast_ast.cpp
13	std::vector	bin/rustc/ast_ast.cpp
1	make_unique	bin/rustc/ast_ast.h
4	shared_ptr	bin/rustc/ast_ast.h
2	std::map	bin/rustc/ast_ast.h
14	std::string	bin/rustc/ast_ast.h
4	std::unordered	bin/rustc/ast_ast.h
41	std::vector	bin/rustc/ast_ast.h
5	unique_ptr	bin/rustc/ast_ast.h
2	std::string	bin/rustc/ast_attrs.h
3	std::vector	bin/rustc/ast_attrs.h
5	std::string	bin/rustc/ast_crate.cpp
1	std::vector	bin/rustc/ast_crate.cpp
3	std::map	bin/rustc/ast_crate.h
1	std::set	bin/rustc/ast_crate.h
11	std::string	bin/rustc/ast_crate.h
5	std::vector	bin/rustc/ast_crate.h
1	std::vector	bin/rustc/ast_dump.cpp
1	make_unique	bin/rustc/ast_expr.cpp
1	new	bin/rustc/ast_expr.cpp
1	shared_ptr	bin/rustc/ast_expr.cpp
8	std::string	bin/rustc/ast_expr.cpp
34	std::vector	bin/rustc/ast_expr.cpp
1	unique_ptr	bin/rustc/ast_expr.cpp
2	shared_ptr	bin/rustc/ast_expr.h
15	std::string	bin/rustc/ast_expr.h
39	std::vector	bin/rustc/ast_expr.h
1	unique_ptr	bin/rustc/ast_expr.h
1	shared_ptr	bin/rustc/ast_expr_ptr.cpp
2	shared_ptr	bin/rustc/ast_expr_ptr.h
1	unique_ptr	bin/rustc/ast_expr_ptr.h
3	std::vector	bin/rustc/ast_generics.h
2	shared_ptr	bin/rustc/ast_item.h
1	std::vector	bin/rustc/ast_item.h
1	new	bin/rustc/ast_path.cpp
1	std::string	bin/rustc/ast_path.cpp
7	std::vector	bin/rustc/ast_path.cpp
1	unique_ptr	bin/rustc/ast_path.cpp
11	std::vector	bin/rustc/ast_path.h
2	make_unique	bin/rustc/ast_pattern.cpp
3	new	bin/rustc/ast_pattern.cpp
8	std::vector	bin/rustc/ast_pattern.cpp
6	unique_ptr	bin/rustc/ast_pattern.cpp
8	std::vector	bin/rustc/ast_pattern.h
2	unique_ptr	bin/rustc/ast_pattern.h
1	make_unique	bin/rustc/ast_types.cpp
1	shared_ptr	bin/rustc/ast_types.cpp
2	std::string	bin/rustc/ast_types.cpp
8	std::vector	bin/rustc/ast_types.cpp
1	unique_ptr	bin/rustc/ast_types.cpp
1	shared_ptr	bin/rustc/ast_types.h
3	std::string	bin/rustc/ast_types.h
11	std::vector	bin/rustc/ast_types.h
2	unique_ptr	bin/rustc/ast_types.h
3	std::string	bin/rustc/common.cpp
2	new	bin/rustc/common.h
2	shared_ptr	bin/rustc/common.h
4	std::map	bin/rustc/common.h
1	std::set	bin/rustc/common.h
3	std::string	bin/rustc/common.h
12	std::vector	bin/rustc/common.h
2	unique_ptr	bin/rustc/common.h
1	std::set	bin/rustc/common_debug.cpp
3	std::string	bin/rustc/common_debug.cpp
1	std::string	bin/rustc/common_debug.h
2	std::vector	bin/rustc/common_debug.h
9	std::string	bin/rustc/compile_error.h
1	std::set	bin/rustc/debug.cpp
4	std::string	bin/rustc/debug.cpp
2	std::map	bin/rustc/expand_cfg.cpp
1	std::set	bin/rustc/expand_cfg.cpp
28	std::string	bin/rustc/expand_cfg.cpp
3	std::vector	bin/rustc/expand_cfg.cpp
2	unique_ptr	bin/rustc/expand_cfg.cpp
11	std::string	bin/rustc/expand_cfg.h
1	std::vector	bin/rustc/expand_cfg.h
39	new	bin/rustc/expand_common.cpp
3	shared_ptr	bin/rustc/expand_common.cpp
2	std::map	bin/rustc/expand_common.cpp
2	std::string	bin/rustc/expand_common.cpp
26	std::vector	bin/rustc/expand_common.cpp
11	unique_ptr	bin/rustc/expand_common.cpp
3	new	bin/rustc/expand_proc_macro.cpp
1	shared_ptr	bin/rustc/expand_proc_macro.cpp
10	std::string	bin/rustc/expand_proc_macro.cpp
2	std::unordered	bin/rustc/expand_proc_macro.cpp
10	std::vector	bin/rustc/expand_proc_macro.cpp
7	unique_ptr	bin/rustc/expand_proc_macro.cpp
6	std::vector	bin/rustc/expand_proc_macro.h
6	unique_ptr	bin/rustc/expand_proc_macro.h
1	std::string	bin/rustc/float128_ut.cpp
3	std::string	bin/rustc/floats.cpp
1	std::string	bin/rustc/floats.h
2	std::string	bin/rustc/hir_asm.h
1	std::vector	bin/rustc/hir_asm.h
1	new	bin/rustc/hir_conv_constant_evaluation.cpp
1	std::map	bin/rustc/hir_conv_constant_evaluation.cpp
3	std::set	bin/rustc/hir_conv_constant_evaluation.cpp
4	std::string	bin/rustc/hir_conv_constant_evaluation.cpp
15	std::vector	bin/rustc/hir_conv_constant_evaluation.cpp
3	std::vector	bin/rustc/hir_conv_constant_evaluation.h
1	make_unique	bin/rustc/hir_conv_main_bindings.cpp
18	std::vector	bin/rustc/hir_conv_main_bindings.cpp
6	unique_ptr	bin/rustc/hir_conv_main_bindings.cpp
1	std::vector	bin/rustc/hir_conv_main_bindings.h
2	std::string	bin/rustc/hir_encoded_literal.h
2	std::vector	bin/rustc/hir_encoded_literal.h
1	unique_ptr	bin/rustc/hir_encoded_literal.h
9	std::map	bin/rustc/hir_expand_main_bindings.cpp
1	std::set	bin/rustc/hir_expand_main_bindings.cpp
1	std::string	bin/rustc/hir_expand_main_bindings.cpp
1	std::unordered	bin/rustc/hir_expand_main_bindings.cpp
57	std::vector	bin/rustc/hir_expand_main_bindings.cpp
2	unique_ptr	bin/rustc/hir_expand_main_bindings.cpp
1	make_unique	bin/rustc/hir_expr.cpp
10	std::vector	bin/rustc/hir_expr.cpp
7	std::string	bin/rustc/hir_expr.h
48	std::vector	bin/rustc/hir_expr.h
1	unique_ptr	bin/rustc/hir_expr.h
3	std::vector	bin/rustc/hir_expr_ptr.h
2	std::vector	bin/rustc/hir_expr_state.h
1	make_shared	bin/rustc/hir_from_ast.cpp
4	make_unique	bin/rustc/hir_from_ast.cpp
2	shared_ptr	bin/rustc/hir_from_ast.cpp
8	std::map	bin/rustc/hir_from_ast.cpp
4	std::set	bin/rustc/hir_from_ast.cpp
7	std::string	bin/rustc/hir_from_ast.cpp
2	std::unordered	bin/rustc/hir_from_ast.cpp
62	std::vector	bin/rustc/hir_from_ast.cpp
1	unique_ptr	bin/rustc/hir_from_ast.cpp
3	std::vector	bin/rustc/hir_generic_params.h
3	make_shared	bin/rustc/hir_hir.cpp
1	make_unique	bin/rustc/hir_hir.cpp
2	shared_ptr	bin/rustc/hir_hir.cpp
13	std::vector	bin/rustc/hir_hir.cpp
3	shared_ptr	bin/rustc/hir_hir.h
18	std::map	bin/rustc/hir_hir.h
1	std::set	bin/rustc/hir_hir.h
8	std::string	bin/rustc/hir_hir.h
9	std::unordered	bin/rustc/hir_hir.h
27	std::vector	bin/rustc/hir_hir.h
5	unique_ptr	bin/rustc/hir_hir.h
2	make_unique	bin/rustc/hir_inherent_cache.cpp
4	std::map	bin/rustc/hir_inherent_cache.cpp
1	std::vector	bin/rustc/hir_inherent_cache.cpp
8	unique_ptr	bin/rustc/hir_inherent_cache.cpp
1	std::string	bin/rustc/hir_item_path.cpp
2	std::string	bin/rustc/hir_item_path.h
4	make_unique	bin/rustc/hir_main_bindings.cpp
2	new	bin/rustc/hir_main_bindings.cpp
10	std::map	bin/rustc/hir_main_bindings.cpp
5	std::set	bin/rustc/hir_main_bindings.cpp
24	std::string	bin/rustc/hir_main_bindings.cpp
14	std::unordered	bin/rustc/hir_main_bindings.cpp
14	std::vector	bin/rustc/hir_main_bindings.cpp
13	unique_ptr	bin/rustc/hir_main_bindings.cpp
3	std::string	bin/rustc/hir_main_bindings.h
1	std::map	bin/rustc/hir_path.cpp
3	std::vector	bin/rustc/hir_path.cpp
1	shared_ptr	bin/rustc/hir_path.h
3	std::map	bin/rustc/hir_path.h
3	std::vector	bin/rustc/hir_path.h
10	std::vector	bin/rustc/hir_pattern.cpp
4	std::vector	bin/rustc/hir_pattern.h
2	new	bin/rustc/hir_serialise_lowlevel.cpp
10	std::string	bin/rustc/hir_serialise_lowlevel.cpp
3	std::vector	bin/rustc/hir_serialise_lowlevel.cpp
2	std::map	bin/rustc/hir_serialise_lowlevel.h
6	std::string	bin/rustc/hir_serialise_lowlevel.h
3	std::vector	bin/rustc/hir_serialise_lowlevel.h
4	std::vector	bin/rustc/hir_type.cpp
2	unique_ptr	bin/rustc/hir_type.cpp
1	std::unordered	bin/rustc/hir_type.h
5	std::vector	bin/rustc/hir_type.h
2	make_unique	bin/rustc/hir_typeck_common.cpp
3	std::vector	bin/rustc/hir_typeck_common.cpp
5	make_unique	bin/rustc/hir_typeck_expr_cs.cpp
3	new	bin/rustc/hir_typeck_expr_cs.cpp
5	std::map	bin/rustc/hir_typeck_expr_cs.cpp
63	std::vector	bin/rustc/hir_typeck_expr_cs.cpp
3	unique_ptr	bin/rustc/hir_typeck_expr_cs.cpp
1	std::map	bin/rustc/hir_typeck_expr_cs.h
1	std::unordered	bin/rustc/hir_typeck_expr_cs.h
16	std::vector	bin/rustc/hir_typeck_expr_cs.h
3	unique_ptr	bin/rustc/hir_typeck_expr_cs.h
3	std::vector	bin/rustc/hir_typeck_expr_visit.h
1	new	bin/rustc/hir_typeck_helpers.cpp
2	std::unordered	bin/rustc/hir_typeck_helpers.cpp
30	std::vector	bin/rustc/hir_typeck_helpers.cpp
1	std::map	bin/rustc/hir_typeck_helpers.h
1	std::string	bin/rustc/hir_typeck_helpers.h
11	std::vector	bin/rustc/hir_typeck_helpers.h
1	unique_ptr	bin/rustc/hir_typeck_helpers.h
2	std::map	bin/rustc/hir_typeck_main_bindings.cpp
1	std::string	bin/rustc/hir_typeck_main_bindings.cpp
3	std::vector	bin/rustc/hir_typeck_main_bindings.cpp
9	std::vector	bin/rustc/hir_typeck_static.cpp
1	std::map	bin/rustc/hir_typeck_static.h
1	std::vector	bin/rustc/hir_typeck_static.h
1	unique_ptr	bin/rustc/hir_visitor.cpp
1	make_shared	bin/rustc/ident.cpp
1	shared_ptr	bin/rustc/ident.h
3	std::vector	bin/rustc/ident.h
5	std::set	bin/rustc/lint_forbid.cpp
2	std::map	bin/rustc/lint_level.cpp
2	std::map	bin/rustc/lint_level.h
3	new	bin/rustc/macro_rules_macro_rules.cpp
5	std::map	bin/rustc/macro_rules_macro_rules.cpp
1	std::set	bin/rustc/macro_rules_macro_rules.cpp
3	std::string	bin/rustc/macro_rules_macro_rules.cpp
91	std::vector	bin/rustc/macro_rules_macro_rules.cpp
3	unique_ptr	bin/rustc/macro_rules_macro_rules.cpp
9	std::vector	bin/rustc/macro_rules_macro_rules.h
1	unique_ptr	bin/rustc/macro_rules_macro_rules.h
3	new	bin/rustc/main_bindings.cpp
1	shared_ptr	bin/rustc/main_bindings.cpp
1	std::map	bin/rustc/main_bindings.cpp
1	std::set	bin/rustc/main_bindings.cpp
57	std::string	bin/rustc/main_bindings.cpp
7	std::vector	bin/rustc/main_bindings.cpp
1	std::string	bin/rustc/main_bindings.h
1	std::string	bin/rustc/memory_dump.cpp
3	std::vector	bin/rustc/memory_dump.cpp
3	make_unique	bin/rustc/mir_from_hir.cpp
2	new	bin/rustc/mir_from_hir.cpp
19	std::map	bin/rustc/mir_from_hir.cpp
7	std::set	bin/rustc/mir_from_hir.cpp
4	std::string	bin/rustc/mir_from_hir.cpp
134	std::vector	bin/rustc/mir_from_hir.cpp
4	unique_ptr	bin/rustc/mir_from_hir.cpp
11	std::map	bin/rustc/mir_from_hir.h
1	std::set	bin/rustc/mir_from_hir.h
13	std::vector	bin/rustc/mir_from_hir.h
1	std::set	bin/rustc/mir_helpers.cpp
6	std::string	bin/rustc/mir_helpers.cpp
41	std::vector	bin/rustc/mir_helpers.cpp
1	std::string	bin/rustc/mir_helpers.h
8	std::vector	bin/rustc/mir_helpers.h
2	new	bin/rustc/mir_mir.cpp
3	std::string	bin/rustc/mir_mir.cpp
17	std::vector	bin/rustc/mir_mir.cpp
3	unique_ptr	bin/rustc/mir_mir.cpp
2	std::string	bin/rustc/mir_mir.h
17	std::vector	bin/rustc/mir_mir.h
3	unique_ptr	bin/rustc/mir_mir.h
7	std::map	bin/rustc/mir_operations.cpp
1	std::set	bin/rustc/mir_operations.cpp
2	std::string	bin/rustc/mir_operations.cpp
3	std::unordered	bin/rustc/mir_operations.cpp
113	std::vector	bin/rustc/mir_operations.cpp
1	make_unique	bin/rustc/parse_common.cpp
5	new	bin/rustc/parse_common.cpp
2	shared_ptr	bin/rustc/parse_common.cpp
2	std::map	bin/rustc/parse_common.cpp
31	std::string	bin/rustc/parse_common.cpp
55	std::vector	bin/rustc/parse_common.cpp
5	unique_ptr	bin/rustc/parse_common.cpp
1	shared_ptr	bin/rustc/parse_common.h
1	std::string	bin/rustc/parse_common.h
1	std::vector	bin/rustc/parse_common.h
8	new	bin/rustc/parse_interpolated_fragment.cpp
1	new	bin/rustc/parse_lex.cpp
17	std::string	bin/rustc/parse_lex.cpp
3	std::vector	bin/rustc/parse_lex.cpp
5	std::string	bin/rustc/parse_lex.h
2	std::vector	bin/rustc/parse_lex.h
1	unique_ptr	bin/rustc/parse_lex.h
6	std::string	bin/rustc/parse_parseerror.cpp
1	std::vector	bin/rustc/parse_parseerror.cpp
1	std::vector	bin/rustc/parse_parseerror.h
11	new	bin/rustc/parse_token.cpp
6	std::string	bin/rustc/parse_token.cpp
2	unique_ptr	bin/rustc/parse_token.cpp
5	std::string	bin/rustc/parse_token.h
1	unique_ptr	bin/rustc/parse_token.h
2	std::vector	bin/rustc/parse_tokenstream.h
2	std::vector	bin/rustc/parse_tokentree.cpp
2	std::vector	bin/rustc/parse_tokentree.h
2	std::vector	bin/rustc/parse_ttstream.h
8	std::string	bin/rustc/path.cpp
5	std::string	bin/rustc/path.h
3	std::vector	bin/rustc/pop_on_drop.h
2	make_unique	bin/rustc/range_vec_map.h
1	std::vector	bin/rustc/range_vec_map.h
5	unique_ptr	bin/rustc/range_vec_map.h
1	std::string	bin/rustc/rc_string.cpp
7	std::string	bin/rustc/rc_string.h
4	std::vector	bin/rustc/resolve_common.cpp
1	make_unique	bin/rustc/resolve_main_bindings.cpp
5	new	bin/rustc/resolve_main_bindings.cpp
4	std::set	bin/rustc/resolve_main_bindings.cpp
1	std::unordered	bin/rustc/resolve_main_bindings.cpp
19	std::vector	bin/rustc/resolve_main_bindings.cpp
3	std::map	bin/rustc/settings.h
7	std::string	bin/rustc/settings.h
1	std::vector	bin/rustc/settings.h
2	new	bin/rustc/span.cpp
1	new	bin/rustc/synext.cpp
2	std::vector	bin/rustc/synext.cpp
3	unique_ptr	bin/rustc/synext.cpp
1	make_unique	bin/rustc/synext_decorator.cpp
3	new	bin/rustc/synext_decorator.cpp
1	std::map	bin/rustc/synext_decorator.cpp
25	std::string	bin/rustc/synext_decorator.cpp
100	std::vector	bin/rustc/synext_decorator.cpp
2	unique_ptr	bin/rustc/synext_decorator.cpp
2	new	bin/rustc/synext_decorator.h
4	std::string	bin/rustc/synext_decorator.h
5	unique_ptr	bin/rustc/synext_decorator.h
6	new	bin/rustc/synext_macro.cpp
3	std::map	bin/rustc/synext_macro.cpp
3	std::set	bin/rustc/synext_macro.cpp
52	std::string	bin/rustc/synext_macro.cpp
34	std::vector	bin/rustc/synext_macro.cpp
39	unique_ptr	bin/rustc/synext_macro.cpp
1	new	bin/rustc/synext_macro.h
3	std::string	bin/rustc/synext_macro.h
6	unique_ptr	bin/rustc/synext_macro.h
1	make_unique	bin/rustc/tagged_union_sample_ut.cpp
1	new	bin/rustc/thin_vector.h
1	std::vector	bin/rustc/thin_vector.h
1	std::string	bin/rustc/thin_vector_ut.cpp
6	std::vector	bin/rustc/thin_vector_ut.cpp
14	std::string	bin/rustc/toml.cpp
5	std::vector	bin/rustc/toml.cpp
12	std::string	bin/rustc/toml.h
1	std::unordered	bin/rustc/toml.h
8	std::vector	bin/rustc/toml.h
3	std::string	bin/rustc/trans_codegen.cpp
1	unique_ptr	bin/rustc/trans_codegen.cpp
1	std::string	bin/rustc/trans_codegen.h
1	new	bin/rustc/trans_codegen_c.cpp
4	std::set	bin/rustc/trans_codegen_c.cpp
53	std::string	bin/rustc/trans_codegen_c.cpp
41	std::vector	bin/rustc/trans_codegen_c.cpp
2	unique_ptr	bin/rustc/trans_codegen_c.cpp
1	std::string	bin/rustc/trans_codegen_c.h
1	unique_ptr	bin/rustc/trans_codegen_c.h
1	new	bin/rustc/trans_codegen_mir.cpp
4	std::string	bin/rustc/trans_codegen_mir.cpp
2	unique_ptr	bin/rustc/trans_codegen_mir.cpp
1	std::string	bin/rustc/trans_codegen_mir.h
1	unique_ptr	bin/rustc/trans_codegen_mir.h
4	new	bin/rustc/trans_main_bindings.cpp
2	std::deque	bin/rustc/trans_main_bindings.cpp
2	std::map	bin/rustc/trans_main_bindings.cpp
4	std::set	bin/rustc/trans_main_bindings.cpp
3	std::string	bin/rustc/trans_main_bindings.cpp
2	std::unordered	bin/rustc/trans_main_bindings.cpp
25	std::vector	bin/rustc/trans_main_bindings.cpp
9	std::string	bin/rustc/trans_main_bindings.h
6	std::vector	bin/rustc/trans_main_bindings.h
1	std::string	bin/rustc/trans_mangling.cpp
4	std::set	bin/rustc/trans_monomorphise.cpp
4	std::vector	bin/rustc/trans_monomorphise.cpp
3	std::map	bin/rustc/trans_target.cpp
8	std::string	bin/rustc/trans_target.cpp
3	std::unordered	bin/rustc/trans_target.cpp
40	std::vector	bin/rustc/trans_target.cpp
12	unique_ptr	bin/rustc/trans_target.cpp
10	std::string	bin/rustc/trans_target.h
7	std::vector	bin/rustc/trans_target.h
3	new	bin/rustc/trans_trans_list.cpp
4	std::map	bin/rustc/trans_trans_list.h
2	std::set	bin/rustc/trans_trans_list.h
3	std::string	bin/rustc/trans_trans_list.h
3	std::unordered	bin/rustc/trans_trans_list.h
4	std::vector	bin/rustc/trans_trans_list.h
5	unique_ptr	bin/rustc/trans_trans_list.h
7	std::string	bin/rustc/unicode_nfc.cpp
6	std::vector	bin/rustc/unicode_nfc.cpp
3	std::string	bin/rustc/unicode_nfc.h
1	std::string	bin/rustc/version.cpp
1	std::string	bin/rustc/version.h
